python : test_ammo_cost_is_local_to_each_attack_bucket 
(tests.test_public_api.PublicApiTests.test_ammo_cost_is_local_to_each_attack_bucket) ... ok
At C:\Users\marco\AppData\Local\Temp\ps-script-44078a26-4a29-4c7b-b8d3-65583e5724b7.ps1:100 char:1
+ python -m unittest tests.test_public_api -v 2>&1 | Tee-Object -FilePa ...
+ ~~~~~~~~~~~~~~~~~~~~~~~~~~~~~~~~~~~~~~~~~~~~~~~~
    + CategoryInfo          : NotSpecified: (test_ammo_cost_..._bucket) ... ok:String) [], RemoteException
    + FullyQualifiedErrorId : NativeCommandError
 
test_arsenal_loads_fresh_weapons_and_safe_upgrades 
(tests.test_public_api.PublicApiTests.test_arsenal_loads_fresh_weapons_and_safe_upgrades) ... ok
test_attack_final_recurses_and_uses_parent_fire_rate 
(tests.test_public_api.PublicApiTests.test_attack_final_recurses_and_uses_parent_fire_rate) ... ok
test_attack_relationship_cycles_are_detected_by_name 
(tests.test_public_api.PublicApiTests.test_attack_relationship_cycles_are_detected_by_name) ... ok
test_attack_result_defaults_and_copy_are_independent 
(tests.test_public_api.PublicApiTests.test_attack_result_defaults_and_copy_are_independent) ... ok
test_build_configuration_copies_and_recomputes 
(tests.test_public_api.PublicApiTests.test_build_configuration_copies_and_recomputes) ... ok
test_build_has_one_canonical_upgrade_collection 
(tests.test_public_api.PublicApiTests.test_build_has_one_canonical_upgrade_collection) ... ok
test_build_iteration_addition_and_subtraction_remain_available 
(tests.test_public_api.PublicApiTests.test_build_iteration_addition_and_subtraction_remain_available) ... ok
test_build_subtraction_matches_definition_not_runtime 
(tests.test_public_api.PublicApiTests.test_build_subtraction_matches_definition_not_runtime) ... ok
test_bundled_database_uses_explicit_effect_modes 
(tests.test_public_api.PublicApiTests.test_bundled_database_uses_explicit_effect_modes) ... ok
test_calculated_stats_use_mode_buckets (tests.test_public_api.PublicApiTests.test_calculated_stats_use_mode_buckets) 
... ok
test_calculator_uses_largest_faction_damage_bonus 
(tests.test_public_api.PublicApiTests.test_calculator_uses_largest_faction_damage_bonus) ... ok
test_condition_overload_applies_before_modded_damage 
(tests.test_public_api.PublicApiTests.test_condition_overload_applies_before_modded_damage) ... ok
test_condition_overload_bonus_uses_sustained_unique_procs 
(tests.test_public_api.PublicApiTests.test_condition_overload_bonus_uses_sustained_unique_procs) ... ok
test_condition_overload_database_values_remain_structured 
(tests.test_public_api.PublicApiTests.test_condition_overload_database_values_remain_structured) ... ok
test_condition_overload_forced_proc_is_fully_sustained 
(tests.test_public_api.PublicApiTests.test_condition_overload_forced_proc_is_fully_sustained) ... ok
test_condition_overload_mod_has_no_status_cap 
(tests.test_public_api.PublicApiTests.test_condition_overload_mod_has_no_status_cap) ... ok
test_condition_overload_scales_with_status_duration 
(tests.test_public_api.PublicApiTests.test_condition_overload_scales_with_status_duration) ... ok
test_condition_overload_uses_each_attack_bucket 
(tests.test_public_api.PublicApiTests.test_condition_overload_uses_each_attack_bucket) ... ok
test_condition_overload_uses_status_cap_and_attack_rules 
(tests.test_public_api.PublicApiTests.test_condition_overload_uses_status_cap_and_attack_rules) ... ok
test_configure_attack_and_build_are_order_independent 
(tests.test_public_api.PublicApiTests.test_configure_attack_and_build_are_order_independent) ... ok
test_contribution_uses_shapley_values_without_mutating_weapon 
(tests.test_public_api.PublicApiTests.test_contribution_uses_shapley_values_without_mutating_weapon) ... ok
test_data_accepts_generic_mappings_and_converts_assignments 
(tests.test_public_api.PublicApiTests.test_data_accepts_generic_mappings_and_converts_assignments) ... ok
test_data_mapping_views_match_explicit_values 
(tests.test_public_api.PublicApiTests.test_data_mapping_views_match_explicit_values) ... ok
test_data_preserves_existing_subclasses_and_concrete_copy_type 
(tests.test_public_api.PublicApiTests.test_data_preserves_existing_subclasses_and_concrete_copy_type) ... ok
test_data_satisfies_mutable_mapping_deletion_iteration_and_length 
(tests.test_public_api.PublicApiTests.test_data_satisfies_mutable_mapping_deletion_iteration_and_length) ... ok
test_default_mode_switching (tests.test_public_api.PublicApiTests.test_default_mode_switching) ... ok
test_distribution_fields_use_dist_data (tests.test_public_api.PublicApiTests.test_distribution_fields_use_dist_data) 
... ok
test_effect_buckets_aggregate_independently 
(tests.test_public_api.PublicApiTests.test_effect_buckets_aggregate_independently) ... ok
test_formatter_renders_related_attack_base_and_total_damage 
(tests.test_public_api.PublicApiTests.test_formatter_renders_related_attack_base_and_total_damage) ... ok
test_formatter_summary_reads_current_state 
(tests.test_public_api.PublicApiTests.test_formatter_summary_reads_current_state) ... ok
test_generated_literal_names_match_database 
(tests.test_public_api.PublicApiTests.test_generated_literal_names_match_database) ... ok
test_generic_weapon_uses_the_shared_calculation_pipeline 
(tests.test_public_api.PublicApiTests.test_generic_weapon_uses_the_shared_calculation_pipeline) ... ok
test_hate_spectral_is_incarnon_only (tests.test_public_api.PublicApiTests.test_hate_spectral_is_incarnon_only) ... ok
test_heavy_attack_doubles_crit_chance_upgrade_bonus 
(tests.test_public_api.PublicApiTests.test_heavy_attack_doubles_crit_chance_upgrade_bonus) ... ok
test_incarnon_base_damage_scales_with_serration 
(tests.test_public_api.PublicApiTests.test_incarnon_base_damage_scales_with_serration) ... ok
test_incarnon_base_magazine_capacity_adds_to_base 
(tests.test_public_api.PublicApiTests.test_incarnon_base_magazine_capacity_adds_to_base) ... ok
test_incarnon_chance_floors_survive_conversion_refreshes 
(tests.test_public_api.PublicApiTests.test_incarnon_chance_floors_survive_conversion_refreshes) ... ok
test_incarnon_crit_from_status_updates_base 
(tests.test_public_api.PublicApiTests.test_incarnon_crit_from_status_updates_base) ... ok
test_incarnon_evolution_selection_recomputes 
(tests.test_public_api.PublicApiTests.test_incarnon_evolution_selection_recomputes) ... ok
test_incarnon_flat_crit_penalty_cannot_make_crit_chance_negative 
(tests.test_public_api.PublicApiTests.test_incarnon_flat_crit_penalty_cannot_make_crit_chance_negative) ... ok
test_incarnon_gunco_ignores_base_damage (tests.test_public_api.PublicApiTests.test_incarnon_gunco_ignores_base_damage) 
... ok
test_incarnon_status_from_crit_updates_base 
(tests.test_public_api.PublicApiTests.test_incarnon_status_from_crit_updates_base) ... ok
test_melee_duplicate_increases_condition_overload_status_acquisition 
(tests.test_public_api.PublicApiTests.test_melee_duplicate_increases_condition_overload_status_acquisition) ... ok
test_melee_incarnon_attack_applies_baked_damage_bonus 
(tests.test_public_api.PublicApiTests.test_melee_incarnon_attack_applies_baked_damage_bonus) ... ok
test_melee_incarnon_damage_bonus_stacks_additively_with_pressure_point 
(tests.test_public_api.PublicApiTests.test_melee_incarnon_damage_bonus_stacks_additively_with_pressure_point) ... ok
test_melee_incarnon_evo1_stats_empty (tests.test_public_api.PublicApiTests.test_melee_incarnon_evo1_stats_empty) ... ok
test_melee_weapons_include_related_attacks 
(tests.test_public_api.PublicApiTests.test_melee_weapons_include_related_attacks) ... ok
test_modded_scalars_do_not_assign_damage 
(tests.test_public_api.PublicApiTests.test_modded_scalars_do_not_assign_damage) ... ok
test_mode_specific_stats_and_global_ranged_stats 
(tests.test_public_api.PublicApiTests.test_mode_specific_stats_and_global_ranged_stats) ... ok
test_multiple_child_attacks_are_combined_once 
(tests.test_public_api.PublicApiTests.test_multiple_child_attacks_are_combined_once) ... ok
test_mutable_inherited_and_overridden_defaults_are_independent 
(tests.test_public_api.PublicApiTests.test_mutable_inherited_and_overridden_defaults_are_independent) ... ok
test_non_crit_bonus_devouring_attrition (tests.test_public_api.PublicApiTests.test_non_crit_bonus_devouring_attrition) 
... ok
test_non_crit_bonus_from_cull_the_weak (tests.test_public_api.PublicApiTests.test_non_crit_bonus_from_cull_the_weak) 
... ok
test_projectile_speed_scales_falloff_without_changing_dps 
(tests.test_public_api.PublicApiTests.test_projectile_speed_scales_falloff_without_changing_dps) ... ok
test_protocols_accept_concrete_models (tests.test_public_api.PublicApiTests.test_protocols_accept_concrete_models) ... 
ok
test_rank_scaled_and_rank_locked_effects_resolve_independently 
(tests.test_public_api.PublicApiTests.test_rank_scaled_and_rank_locked_effects_resolve_independently) ... ok
test_related_attacks_use_their_own_average_fire_rate 
(tests.test_public_api.PublicApiTests.test_related_attacks_use_their_own_average_fire_rate) ... ok
test_ruvox_incarnon_bakes_conversion_and_speed 
(tests.test_public_api.PublicApiTests.test_ruvox_incarnon_bakes_conversion_and_speed) ... ok
test_selected_and_child_attacks_use_independent_buckets 
(tests.test_public_api.PublicApiTests.test_selected_and_child_attacks_use_independent_buckets) ... ok
test_special_upgrades_keep_calculator_values 
(tests.test_public_api.PublicApiTests.test_special_upgrades_keep_calculator_values) ... ok
test_upgrade_and_build_configure_update_runtime_conditions 
(tests.test_public_api.PublicApiTests.test_upgrade_and_build_configure_update_runtime_conditions) ... ok
test_upgrade_copy_preserves_runtime_without_sharing_data 
(tests.test_public_api.PublicApiTests.test_upgrade_copy_preserves_runtime_without_sharing_data) ... ok
test_upgrade_effect_buckets_apply_sensible_defaults 
(tests.test_public_api.PublicApiTests.test_upgrade_effect_buckets_apply_sensible_defaults) ... ok
test_upgrade_stacks_override_weapon_combo 
(tests.test_public_api.PublicApiTests.test_upgrade_stacks_override_weapon_combo) ... ok
test_upgrade_stats_accept_mixed_scalar_and_record_lists 
(tests.test_public_api.PublicApiTests.test_upgrade_stats_accept_mixed_scalar_and_record_lists) ... ok
test_upgrade_stats_accept_scalar_and_single_record_shorthand 
(tests.test_public_api.PublicApiTests.test_upgrade_stats_accept_scalar_and_single_record_shorthand) ... ok
test_upgrade_stats_default_to_additive_mode 
(tests.test_public_api.PublicApiTests.test_upgrade_stats_default_to_additive_mode) ... ok
test_upgrade_stats_reject_unknown_modes (tests.test_public_api.PublicApiTests.test_upgrade_stats_reject_unknown_modes) 
... ok
test_upgrade_stats_resolve_effect_modes (tests.test_public_api.PublicApiTests.test_upgrade_stats_resolve_effect_modes) 
... ok
test_weapon_combo_scales_blood_rush (tests.test_public_api.PublicApiTests.test_weapon_combo_scales_blood_rush) ... ok
test_weapon_configure_context_sets_runtime_combo 
(tests.test_public_api.PublicApiTests.test_weapon_configure_context_sets_runtime_combo) ... ok
test_weapon_copy_preserves_configuration_without_sharing_state 
(tests.test_public_api.PublicApiTests.test_weapon_copy_preserves_configuration_without_sharing_state) ... ok
test_weapon_data_separates_global_stats_and_attacks 
(tests.test_public_api.PublicApiTests.test_weapon_data_separates_global_stats_and_attacks) ... ok

----------------------------------------------------------------------
Ran 74 tests in 2.887s

OK
